// Jest Snapshot v1, https://goo.gl/fbAQLP

exports[`MapMain: MapMain Renders Loading... 1`] = `
<p>
  Loading...
</p>
`;
